> Task :core:checkKotlinGradlePluginConfigurationErrors
> Task :core:compileKotlin UP-TO-DATE
> Task :core:compileJava NO-SOURCE
> Task :core:processResources NO-SOURCE
> Task :core:classes UP-TO-DATE
> Task :core:jar UP-TO-DATE
> Task :core:assemble UP-TO-DATE

> Task :core:detekt
C:\Users\Leopard\IdeaProjects\Guilds-of-Bash\core\src\main\kotlin\core\invariants\InvariantVerifier.kt:6:5: The function verifyInvariants is too long (238). The maximum length is 60. [LongMethod]
C:\Users\Leopard\IdeaProjects\Guilds-of-Bash\core\src\main\kotlin\core\invariants\InvariantVerifier.kt:6:5: The function verifyInvariants appears to be too complex based on Cyclomatic Complexity (complexity: 40). Defined complexity threshold for methods is set to '15' [CyclomaticComplexMethod]
C:\Users\Leopard\IdeaProjects\Guilds-of-Bash\core\src\main\kotlin\core\Reducer.kt:696:13: The function handleCloseReturn is too long (100). The maximum length is 60. [LongMethod]
C:\Users\Leopard\IdeaProjects\Guilds-of-Bash\core\src\main\kotlin\core\Reducer.kt:144:13: The function handleAdvanceDay is too long (403). The maximum length is 60. [LongMethod]
C:\Users\Leopard\IdeaProjects\Guilds-of-Bash\core\src\main\kotlin\core\Reducer.kt:144:13: The function handleAdvanceDay appears to be too complex based on Cyclomatic Complexity (complexity: 51). Defined complexity threshold for methods is set to '15' [CyclomaticComplexMethod]
C:\Users\Leopard\IdeaProjects\Guilds-of-Bash\core\src\main\kotlin\core\Reducer.kt:696:13: The function handleCloseReturn appears to be too complex based on Cyclomatic Complexity (complexity: 18). Defined complexity threshold for methods is set to '15' [CyclomaticComplexMethod]
C:\Users\Leopard\IdeaProjects\Guilds-of-Bash\core\src\main\kotlin\core\Reducer.kt:895:13: The function assignSeq appears to be too complex based on Cyclomatic Complexity (complexity: 23). Defined complexity threshold for methods is set to '15' [CyclomaticComplexMethod]
C:\Users\Leopard\IdeaProjects\Guilds-of-Bash\core\src\main\kotlin\core\Reducer.kt:144:13: Function handleAdvanceDay is nested too deeply. [NestedBlockDepth]
C:\Users\Leopard\IdeaProjects\Guilds-of-Bash\core\src\main\kotlin\core\serde\CanonicalEventsJson.kt:24:13: The function serializeEvent appears to be too complex based on Cyclomatic Complexity (complexity: 22). Defined complexity threshold for methods is set to '15' [CyclomaticComplexMethod]
C:\Users\Leopard\IdeaProjects\Guilds-of-Bash\core\src\main\kotlin\core\ContractEvaluation.kt:14:12: The file name 'ContractEvaluation' does not match the name of the single top-level declaration 'ContractAttractiveness'. [MatchingDeclarationName]
C:\Users\Leopard\IdeaProjects\Guilds-of-Bash\core\src\main\kotlin\core\GuildRankProgression.kt:5:12: The file name 'GuildRankProgression' does not match the name of the single top-level declaration 'RankThreshold'. [MatchingDeclarationName]
C:\Users\Leopard\IdeaProjects\Guilds-of-Bash\core\src\main\kotlin\core\invariants\InvariantViolationModel.kt:3:12: The file name 'InvariantViolationModel' does not match the name of the single top-level declaration 'InvariantViolation'. [MatchingDeclarationName]
C:\Users\Leopard\IdeaProjects\Guilds-of-Bash\core\src\main\kotlin\core\state\EconomyStateData.kt:3:12: The file name 'EconomyStateData' does not match the name of the single top-level declaration 'EconomyState'. [MatchingDeclarationName]
C:\Users\Leopard\IdeaProjects\Guilds-of-Bash\core\src\main\kotlin\core\state\RegionStateData.kt:3:12: The file name 'RegionStateData' does not match the name of the single top-level declaration 'RegionState'. [MatchingDeclarationName]
C:\Users\Leopard\IdeaProjects\Guilds-of-Bash\core\src\main\kotlin\core\CommandValidation.kt:74:13: Function validatePostContract has 4 return statements which exceeds the limit of 2. [ReturnCount]
C:\Users\Leopard\IdeaProjects\Guilds-of-Bash\core\src\main\kotlin\core\CommandValidation.kt:115:13: Function validateCloseReturn has 4 return statements which exceeds the limit of 2. [ReturnCount]
C:\Users\Leopard\IdeaProjects\Guilds-of-Bash\core\src\main\kotlin\core\CommandValidation.kt:147:13: Function validateSellTrophies has 3 return statements which exceeds the limit of 2. [ReturnCount]
C:\Users\Leopard\IdeaProjects\Guilds-of-Bash\core\src\main\kotlin\core\CommandValidation.kt:163:13: Function validatePayTax has 3 return statements which exceeds the limit of 2. [ReturnCount]
C:\Users\Leopard\IdeaProjects\Guilds-of-Bash\core\src\main\kotlin\core\GuildRankProgression.kt:25:48: Function parameter `currentRankOrdinal` is unused. [UnusedParameter]
C:\Users\Leopard\IdeaProjects\Guilds-of-Bash\core\src\main\kotlin\core\Reducer.kt:37:13: Function handleSellTrophies has 3 return statements which exceeds the limit of 2. [ReturnCount]
C:\Users\Leopard\IdeaProjects\Guilds-of-Bash\core\src\main\kotlin\core\Reducer.kt:696:13: Function handleCloseReturn has 3 return statements which exceeds the limit of 2. [ReturnCount]
C:\Users\Leopard\IdeaProjects\Guilds-of-Bash\core\src\main\kotlin\core\Reducer.kt:831:13: Function handlePayTax has 4 return statements which exceeds the limit of 2. [ReturnCount]
C:\Users\Leopard\IdeaProjects\Guilds-of-Bash\core\src\main\kotlin\core\Reducer.kt:278:9: The loop contains more than one break or continue statement. The code should be refactored to increase readability. [LoopWithTooManyJumpStatements]
C:\Users\Leopard\IdeaProjects\Guilds-of-Bash\core\src\main\kotlin\core\Reducer.kt:834:5: Function parameter `rng` is unused. [UnusedParameter]
C:\Users\Leopard\IdeaProjects\Guilds-of-Bash\core\src\main\kotlin\core\serde\CanonicalEventsJson.kt:79:27: Private function `appendLongField` is unused. [UnusedPrivateMember]
C:\Users\Leopard\IdeaProjects\Guilds-of-Bash\core\src\main\kotlin\core\serde\CanonicalJson.kt:36:9: Use require() instead of throwing an IllegalArgumentException. [UseRequire]


> Task :core:detektMain
C:\Users\Leopard\IdeaProjects\Guilds-of-Bash\core\src\main\kotlin\core\invariants\InvariantVerifier.kt:6:5: The function verifyInvariants is too long (238). The maximum length is 60. [LongMethod]
C:\Users\Leopard\IdeaProjects\Guilds-of-Bash\core\src\main\kotlin\core\invariants\InvariantVerifier.kt:6:5: The function verifyInvariants appears to be too complex based on Cyclomatic Complexity (complexity: 40). Defined complexity threshold for methods is set to '15' [CyclomaticComplexMethod]
C:\Users\Leopard\IdeaProjects\Guilds-of-Bash\core\src\main\kotlin\core\Reducer.kt:144:13: The function handleAdvanceDay is too long (403). The maximum length is 60. [LongMethod]
C:\Users\Leopard\IdeaProjects\Guilds-of-Bash\core\src\main\kotlin\core\Reducer.kt:696:13: The function handleCloseReturn is too long (100). The maximum length is 60. [LongMethod]
C:\Users\Leopard\IdeaProjects\Guilds-of-Bash\core\src\main\kotlin\core\Reducer.kt:144:13: The function handleAdvanceDay appears to be too complex based on Cyclomatic Complexity (complexity: 51). Defined complexity threshold for methods is set to '15' [CyclomaticComplexMethod]
C:\Users\Leopard\IdeaProjects\Guilds-of-Bash\core\src\main\kotlin\core\Reducer.kt:696:13: The function handleCloseReturn appears to be too complex based on Cyclomatic Complexity (complexity: 18). Defined complexity threshold for methods is set to '15' [CyclomaticComplexMethod]
C:\Users\Leopard\IdeaProjects\Guilds-of-Bash\core\src\main\kotlin\core\Reducer.kt:895:13: The function assignSeq appears to be too complex based on Cyclomatic Complexity (complexity: 23). Defined complexity threshold for methods is set to '15' [CyclomaticComplexMethod]
C:\Users\Leopard\IdeaProjects\Guilds-of-Bash\core\src\main\kotlin\core\Reducer.kt:144:13: Function handleAdvanceDay is nested too deeply. [NestedBlockDepth]
C:\Users\Leopard\IdeaProjects\Guilds-of-Bash\core\src\main\kotlin\core\serde\CanonicalEventsJson.kt:24:13: The function serializeEvent appears to be too complex based on Cyclomatic Complexity (complexity: 22). Defined complexity threshold for methods is set to '15' [CyclomaticComplexMethod]
C:\Users\Leopard\IdeaProjects\Guilds-of-Bash\core\src\main\kotlin\core\ContractEvaluation.kt:14:12: The file name 'ContractEvaluation' does not match the name of the single top-level declaration 'ContractAttractiveness'. [MatchingDeclarationName]
C:\Users\Leopard\IdeaProjects\Guilds-of-Bash\core\src\main\kotlin\core\GuildRankProgression.kt:5:12: The file name 'GuildRankProgression' does not match the name of the single top-level declaration 'RankThreshold'. [MatchingDeclarationName]
C:\Users\Leopard\IdeaProjects\Guilds-of-Bash\core\src\main\kotlin\core\invariants\InvariantViolationModel.kt:3:12: The file name 'InvariantViolationModel' does not match the name of the single top-level declaration 'InvariantViolation'. [MatchingDeclarationName]
C:\Users\Leopard\IdeaProjects\Guilds-of-Bash\core\src\main\kotlin\core\state\EconomyStateData.kt:3:12: The file name 'EconomyStateData' does not match the name of the single top-level declaration 'EconomyState'. [MatchingDeclarationName]
C:\Users\Leopard\IdeaProjects\Guilds-of-Bash\core\src\main\kotlin\core\state\RegionStateData.kt:3:12: The file name 'RegionStateData' does not match the name of the single top-level declaration 'RegionState'. [MatchingDeclarationName]
C:\Users\Leopard\IdeaProjects\Guilds-of-Bash\core\src\main\kotlin\core\CommandValidation.kt:74:13: Function validatePostContract has 4 return statements which exceeds the limit of 2. [ReturnCount]
C:\Users\Leopard\IdeaProjects\Guilds-of-Bash\core\src\main\kotlin\core\CommandValidation.kt:115:13: Function validateCloseReturn has 4 return statements which exceeds the limit of 2. [ReturnCount]
C:\Users\Leopard\IdeaProjects\Guilds-of-Bash\core\src\main\kotlin\core\CommandValidation.kt:147:13: Function validateSellTrophies has 3 return statements which exceeds the limit of 2. [ReturnCount]
C:\Users\Leopard\IdeaProjects\Guilds-of-Bash\core\src\main\kotlin\core\CommandValidation.kt:163:13: Function validatePayTax has 3 return statements which exceeds the limit of 2. [ReturnCount]
C:\Users\Leopard\IdeaProjects\Guilds-of-Bash\core\src\main\kotlin\core\GuildRankProgression.kt:25:48: Function parameter `currentRankOrdinal` is unused. [UnusedParameter]
C:\Users\Leopard\IdeaProjects\Guilds-of-Bash\core\src\main\kotlin\core\invariants\InvariantVerifier.kt:118:27: This '?: emptyList()' can be replaced with 'orEmpty()' call [UseOrEmpty]
C:\Users\Leopard\IdeaProjects\Guilds-of-Bash\core\src\main\kotlin\core\invariants\InvariantVerifier.kt:119:27: This '?: emptyList()' can be replaced with 'orEmpty()' call [UseOrEmpty]
C:\Users\Leopard\IdeaProjects\Guilds-of-Bash\core\src\main\kotlin\core\Reducer.kt:37:13: Function handleSellTrophies has 3 return statements which exceeds the limit of 2. [ReturnCount]
C:\Users\Leopard\IdeaProjects\Guilds-of-Bash\core\src\main\kotlin\core\Reducer.kt:696:13: Function handleCloseReturn has 3 return statements which exceeds the limit of 2. [ReturnCount]
C:\Users\Leopard\IdeaProjects\Guilds-of-Bash\core\src\main\kotlin\core\Reducer.kt:831:13: Function handlePayTax has 4 return statements which exceeds the limit of 2. [ReturnCount]
C:\Users\Leopard\IdeaProjects\Guilds-of-Bash\core\src\main\kotlin\core\Reducer.kt:278:9: The loop contains more than one break or continue statement. The code should be refactored to increase readability. [LoopWithTooManyJumpStatements]
C:\Users\Leopard\IdeaProjects\Guilds-of-Bash\core\src\main\kotlin\core\Reducer.kt:834:5: Function parameter `rng` is unused. [UnusedParameter]
C:\Users\Leopard\IdeaProjects\Guilds-of-Bash\core\src\main\kotlin\core\serde\CanonicalEventsJson.kt:79:27: Private function `appendLongField` is unused. [UnusedPrivateMember]
C:\Users\Leopard\IdeaProjects\Guilds-of-Bash\core\src\main\kotlin\core\serde\CanonicalJson.kt:36:9: Use require() instead of throwing an IllegalArgumentException. [UseRequire]


> Task :core:compileTestKotlin UP-TO-DATE
> Task :core:compileTestJava NO-SOURCE
> Task :core:detektTest
> Task :core:koverFindJar UP-TO-DATE
> Task :core:processTestResources NO-SOURCE
> Task :core:testClasses UP-TO-DATE
> Task :core:test UP-TO-DATE
> Task :core:koverGenerateArtifactJvm
> Task :core:koverGenerateArtifact
> Task :core:koverCachedVerify
> Task :core:koverVerify
> Task :core:check
> Task :core:build

[Incubating] Problems report is available at: file:///C:/Users/Leopard/IdeaProjects/Guilds-of-Bash/build/reports/problems/problems-report.html

Deprecated Gradle features were used in this build, making it incompatible with Gradle 9.0.

You can use '--warning-mode all' to show the individual deprecation warnings and determine if they come from your own scripts or plugins.

For more on this, please refer to https://docs.gradle.org/8.14/userguide/command_line_interface.html#sec:command_line_warnings in the Gradle documentation.

BUILD SUCCESSFUL in 17s
13 actionable tasks: 8 executed, 5 up-to-date
